
[1m[46m RUN [49m[22m [36mv4.0.17 [39m[90mC:/Users/Pablo/Desktop/HoneyMoney/backend[39m

 [31m❯[39m src/__tests__/routes/categories.test.ts [2m([22m[2m0 test[22m[2m)[22m
 [31m❯[39m src/__tests__/models/Category.test.ts [2m([22m[2m0 test[22m[2m)[22m
 [31m❯[39m src/__tests__/server.test.ts [2m([22m[2m0 test[22m[2m)[22m

[31m⎯⎯⎯⎯⎯⎯[39m[1m[41m Failed Suites 3 [49m[22m[31m⎯⎯⎯⎯⎯⎯⎯[39m

[41m[1m FAIL [22m[49m src/__tests__/server.test.ts[2m [ src/__tests__/server.test.ts ][22m
[41m[1m FAIL [22m[49m src/__tests__/models/Category.test.ts[2m [ src/__tests__/models/Category.test.ts ][22m
[41m[1m FAIL [22m[49m src/__tests__/routes/categories.test.ts[2m [ src/__tests__/routes/categories.test.ts ][22m
[31m[1mError[22m: Cannot find package '@angular/platform-browser-dynamic/testing' imported from 'C:/Users/Pablo/Desktop/HoneyMoney/src/test-setup.ts'[39m
[31m[2m⎯⎯⎯⎯⎯⎯⎯⎯⎯⎯⎯⎯⎯⎯⎯⎯⎯⎯⎯⎯⎯⎯⎯⎯[1/3]⎯[22m[39m


[2m Test Files [22m [1m[31m3 failed[39m[22m[90m (3)[39m
[2m      Tests [22m [2mno tests[22m
[2m   Start at [22m 10:10:20
[2m   Duration [22m 335ms[2m (transform 53ms, setup 0ms, import 0ms, tests 0ms, environment 0ms)[22m

